// Jest Snapshot v1, https://goo.gl/fbAQLP

exports[`<Player /> renders the <Player /> with a bunny video 1`] = `
<div
  class="player__Container-zumstd-0"
>
  <button
    class="player__Button-zumstd-3 cfkfEQ"
  >
    Play
  </button>
</div>
`;
